******************************************************************************
             TMS320C2000 Linker PC v6.4.6                      
******************************************************************************
>> Linked Sun Oct 20 17:04:30 2019

OUTPUT FILE NAME:   <SAHF.out>
ENTRY POINT SYMBOL: "_c_int00"  address: 000097da


MEMORY CONFIGURATION

         name            origin    length      used     unused   attr    fill
----------------------  --------  ---------  --------  --------  ----  --------
PAGE 0:
  BEGIN                 00000000   00000002  00000002  00000000  RWIX
  BOOT_RSVD             00000002   0000004e  00000000  0000004e  RWIX
  RAMM0                 00000050   000003b0  00000000  000003b0  RWIX
  RAML0                 00008000   00001000  000009a8  00000658  RWIX
  RAML1                 00009000   00001800  000008ad  00000f53  RWIX
  RAML2                 0000b000   00001000  00000000  00001000  RWIX
  RAML3                 0000c000   00001000  00000000  00001000  RWIX
  ZONE7A                00200000   0000fc00  00000000  0000fc00  RWIX
  CSM_RSVD              0033ff80   00000076  00000000  00000076  RWIX
  CSM_PWL               0033fff8   00000008  00000000  00000008  RWIX
  ADC_CAL               00380080   00000009  00000007  00000002  RWIX
  IQTABLES              003fe000   00000b50  00000000  00000b50  RWIX
  IQTABLES2             003feb50   0000008c  00000000  0000008c  RWIX
  FPUTABLES             003febdc   000006a0  00000000  000006a0  RWIX
  BOOTROM               003ff27c   00000d44  00000000  00000d44  RWIX
  RESET                 003fffc0   00000002  00000000  00000002  RWIX

PAGE 1:
  RAMM1                 00000400   00000400  00000380  00000080  RWIX
  DEV_EMU               00000880   00000180  000000d0  000000b0  RWIX
  FLASH_REGS            00000a80   00000060  00000008  00000058  RWIX
  CSM                   00000ae0   00000010  00000010  00000000  RWIX
  ADC_MIRROR            00000b00   00000010  00000010  00000000  RWIX
  XINTF                 00000b20   00000020  0000001e  00000002  RWIX
  CPU_TIMER0            00000c00   00000008  00000008  00000000  RWIX
  CPU_TIMER1            00000c08   00000008  00000008  00000000  RWIX
  CPU_TIMER2            00000c10   00000008  00000008  00000000  RWIX
  PIE_CTRL              00000ce0   00000020  0000001a  00000006  RWIX
  PIE_VECT              00000d00   00000100  00000100  00000000  RWIX
  DMA                   00001000   00000200  000000e0  00000120  RWIX
  MCBSPA                00005000   00000040  00000025  0000001b  RWIX
  MCBSPB                00005040   00000040  00000025  0000001b  RWIX
  ECANA                 00006000   00000040  00000034  0000000c  RWIX
  ECANA_LAM             00006040   00000040  00000040  00000000  RWIX
  ECANA_MOTS            00006080   00000040  00000040  00000000  RWIX
  ECANA_MOTO            000060c0   00000040  00000040  00000000  RWIX
  ECANA_MBOX            00006100   00000100  00000100  00000000  RWIX
  ECANB                 00006200   00000040  00000034  0000000c  RWIX
  ECANB_LAM             00006240   00000040  00000040  00000000  RWIX
  ECANB_MOTS            00006280   00000040  00000040  00000000  RWIX
  ECANB_MOTO            000062c0   00000040  00000040  00000000  RWIX
  ECANB_MBOX            00006300   00000100  00000100  00000000  RWIX
  EPWM1                 00006800   00000022  00000022  00000000  RWIX
  EPWM2                 00006840   00000022  00000022  00000000  RWIX
  EPWM3                 00006880   00000022  00000022  00000000  RWIX
  EPWM4                 000068c0   00000022  00000022  00000000  RWIX
  EPWM5                 00006900   00000022  00000022  00000000  RWIX
  EPWM6                 00006940   00000022  00000022  00000000  RWIX
  ECAP1                 00006a00   00000020  00000020  00000000  RWIX
  ECAP2                 00006a20   00000020  00000020  00000000  RWIX
  ECAP3                 00006a40   00000020  00000020  00000000  RWIX
  ECAP4                 00006a60   00000020  00000020  00000000  RWIX
  ECAP5                 00006a80   00000020  00000020  00000000  RWIX
  ECAP6                 00006aa0   00000020  00000020  00000000  RWIX
  EQEP1                 00006b00   00000040  00000040  00000000  RWIX
  EQEP2                 00006b40   00000040  00000040  00000000  RWIX
  GPIOCTRL              00006f80   00000040  0000002e  00000012  RWIX
  GPIODAT               00006fc0   00000020  00000020  00000000  RWIX
  GPIOINT               00006fe0   00000020  0000000a  00000016  RWIX
  SYSTEM                00007010   00000020  00000020  00000000  RWIX
  SPIA                  00007040   00000010  00000010  00000000  RWIX
  SCIA                  00007050   00000010  00000010  00000000  RWIX
  XINTRUPT              00007070   00000010  00000010  00000000  RWIX
  ADC                   00007100   00000020  0000001e  00000002  RWIX
  SCIB                  00007750   00000010  00000010  00000000  RWIX
  SCIC                  00007770   00000010  00000010  00000000  RWIX
  I2CA                  00007900   00000040  00000022  0000001e  RWIX
  RAML4                 0000c000   00001000  0000080b  000007f5  RWIX
  RAML5                 0000d000   00001000  00000000  00001000  RWIX
  RAML6                 0000e000   00001000  00000000  00001000  RWIX
  RAML7                 0000f000   00001000  00000000  00001000  RWIX
  ZONE7B                0020fc00   00000400  00000000  00000400  RWIX
  CSM_PWL               0033fff8   00000008  00000008  00000000  RWIX
  PARTID                00380090   00000001  00000001  00000000  RWIX


SECTION ALLOCATION MAP

 output                                  attributes/
section   page    origin      length       input sections
--------  ----  ----------  ----------   ----------------
codestart 
*          0    00000000    00000002     
                  00000000    00000002     DSP2833x_CodeStartBranch.obj (codestart)

ramfuncs   0    00008000    0000058a     
                  00008000    00000586     SAHF.obj (ramfuncs:retain)
                  00008586    00000004     DSP2833x_usDelay.obj (ramfuncs)

.cinit     0    0000858a    0000041e     
                  0000858a    00000404     SAHF.obj (.cinit)
                  0000898e    0000000a     rts2800_fpu32.lib : exit.obj (.cinit)
                  00008998    00000005     <whole-program> (.cinit:__lock)
                  0000899d    00000005     <whole-program> (.cinit:__unlock)
                  000089a2    00000004     <whole-program> (.cinit)
                  000089a6    00000002     --HOLE-- [fill = 0]

.text      0    00009000    000008ad     
                  00009000    000003e0     SAHF.obj (.text)
                  000093e0    000001cb     SAHF-DevInit_F2833x.obj (.text)
                  000095ab    000000a3     SPLL_3PH_SRF_F.obj (.text)
                  0000964e    00000088     rts2800_fpu32.lib : fs_div.obj (.text)
                  000096d6    00000061                       : cos.obj (.text)
                  00009737    00000058                       : sin.obj (.text)
                  0000978f    0000004b     DLOG4CHC.obj (.text)
                  000097da    00000046     rts2800_fpu32.lib : boot.obj (.text)
                  00009820    00000024                       : sqrt.obj (.text)
                  00009844    00000019                       : args_main.obj (.text)
                  0000985d    00000019                       : exit.obj (.text)
                  00009876    00000019                       : prolog.obj (.text)
                  0000988f    0000000b                       : u_div.obj (.text)
                  0000989a    0000000a     SAHF-DevInit_F2833x.obj (.text:retain)
                  000098a4    00000008     DSP2833x_CodeStartBranch.obj (.text)
                  000098ac    00000001     rts2800_fpu32.lib : _lock.obj (.text)

.adc_cal   0    00380080    00000007     NOLOAD SECTION
                  00380080    00000007     DSP2833x_ADC_cal.obj (.adc_cal)

.stack     1    00000400    00000380     UNINITIALIZED
                  00000400    00000380     --HOLE--

DevEmuRegsFile 
*          1    00000880    000000d0     UNINITIALIZED
                  00000880    000000d0     DSP2833x_GlobalVariableDefs.obj (DevEmuRegsFile)

FlashRegsFile 
*          1    00000a80    00000008     UNINITIALIZED
                  00000a80    00000008     DSP2833x_GlobalVariableDefs.obj (FlashRegsFile)

CsmRegsFile 
*          1    00000ae0    00000010     UNINITIALIZED
                  00000ae0    00000010     DSP2833x_GlobalVariableDefs.obj (CsmRegsFile)

AdcMirrorFile 
*          1    00000b00    00000010     UNINITIALIZED
                  00000b00    00000010     DSP2833x_GlobalVariableDefs.obj (AdcMirrorFile)

XintfRegsFile 
*          1    00000b20    0000001e     UNINITIALIZED
                  00000b20    0000001e     DSP2833x_GlobalVariableDefs.obj (XintfRegsFile)

CpuTimer0RegsFile 
*          1    00000c00    00000008     UNINITIALIZED
                  00000c00    00000008     DSP2833x_GlobalVariableDefs.obj (CpuTimer0RegsFile)

CpuTimer1RegsFile 
*          1    00000c08    00000008     UNINITIALIZED
                  00000c08    00000008     DSP2833x_GlobalVariableDefs.obj (CpuTimer1RegsFile)

CpuTimer2RegsFile 
*          1    00000c10    00000008     UNINITIALIZED
                  00000c10    00000008     DSP2833x_GlobalVariableDefs.obj (CpuTimer2RegsFile)

PieCtrlRegsFile 
*          1    00000ce0    0000001a     UNINITIALIZED
                  00000ce0    0000001a     DSP2833x_GlobalVariableDefs.obj (PieCtrlRegsFile)

PieVectTableFile 
*          1    00000d00    00000100     UNINITIALIZED
                  00000d00    00000100     DSP2833x_GlobalVariableDefs.obj (PieVectTableFile)

DmaRegsFile 
*          1    00001000    000000e0     UNINITIALIZED
                  00001000    000000e0     DSP2833x_GlobalVariableDefs.obj (DmaRegsFile)

McbspaRegsFile 
*          1    00005000    00000025     UNINITIALIZED
                  00005000    00000025     DSP2833x_GlobalVariableDefs.obj (McbspaRegsFile)

McbspbRegsFile 
*          1    00005040    00000025     UNINITIALIZED
                  00005040    00000025     DSP2833x_GlobalVariableDefs.obj (McbspbRegsFile)

ECanaRegsFile 
*          1    00006000    00000034     UNINITIALIZED
                  00006000    00000034     DSP2833x_GlobalVariableDefs.obj (ECanaRegsFile)

ECanaLAMRegsFile 
*          1    00006040    00000040     UNINITIALIZED
                  00006040    00000040     DSP2833x_GlobalVariableDefs.obj (ECanaLAMRegsFile)

ECanaMOTSRegsFile 
*          1    00006080    00000040     UNINITIALIZED
                  00006080    00000040     DSP2833x_GlobalVariableDefs.obj (ECanaMOTSRegsFile)

ECanaMOTORegsFile 
*          1    000060c0    00000040     UNINITIALIZED
                  000060c0    00000040     DSP2833x_GlobalVariableDefs.obj (ECanaMOTORegsFile)

ECanaMboxesFile 
*          1    00006100    00000100     UNINITIALIZED
                  00006100    00000100     DSP2833x_GlobalVariableDefs.obj (ECanaMboxesFile)

ECanbRegsFile 
*          1    00006200    00000034     UNINITIALIZED
                  00006200    00000034     DSP2833x_GlobalVariableDefs.obj (ECanbRegsFile)

ECanbLAMRegsFile 
*          1    00006240    00000040     UNINITIALIZED
                  00006240    00000040     DSP2833x_GlobalVariableDefs.obj (ECanbLAMRegsFile)

ECanbMOTSRegsFile 
*          1    00006280    00000040     UNINITIALIZED
                  00006280    00000040     DSP2833x_GlobalVariableDefs.obj (ECanbMOTSRegsFile)

ECanbMOTORegsFile 
*          1    000062c0    00000040     UNINITIALIZED
                  000062c0    00000040     DSP2833x_GlobalVariableDefs.obj (ECanbMOTORegsFile)

ECanbMboxesFile 
*          1    00006300    00000100     UNINITIALIZED
                  00006300    00000100     DSP2833x_GlobalVariableDefs.obj (ECanbMboxesFile)

EPwm1RegsFile 
*          1    00006800    00000022     UNINITIALIZED
                  00006800    00000022     DSP2833x_GlobalVariableDefs.obj (EPwm1RegsFile)

EPwm2RegsFile 
*          1    00006840    00000022     UNINITIALIZED
                  00006840    00000022     DSP2833x_GlobalVariableDefs.obj (EPwm2RegsFile)

EPwm3RegsFile 
*          1    00006880    00000022     UNINITIALIZED
                  00006880    00000022     DSP2833x_GlobalVariableDefs.obj (EPwm3RegsFile)

EPwm4RegsFile 
*          1    000068c0    00000022     UNINITIALIZED
                  000068c0    00000022     DSP2833x_GlobalVariableDefs.obj (EPwm4RegsFile)

EPwm5RegsFile 
*          1    00006900    00000022     UNINITIALIZED
                  00006900    00000022     DSP2833x_GlobalVariableDefs.obj (EPwm5RegsFile)

EPwm6RegsFile 
*          1    00006940    00000022     UNINITIALIZED
                  00006940    00000022     DSP2833x_GlobalVariableDefs.obj (EPwm6RegsFile)

ECap1RegsFile 
*          1    00006a00    00000020     UNINITIALIZED
                  00006a00    00000020     DSP2833x_GlobalVariableDefs.obj (ECap1RegsFile)

ECap2RegsFile 
*          1    00006a20    00000020     UNINITIALIZED
                  00006a20    00000020     DSP2833x_GlobalVariableDefs.obj (ECap2RegsFile)

ECap3RegsFile 
*          1    00006a40    00000020     UNINITIALIZED
                  00006a40    00000020     DSP2833x_GlobalVariableDefs.obj (ECap3RegsFile)

ECap4RegsFile 
*          1    00006a60    00000020     UNINITIALIZED
                  00006a60    00000020     DSP2833x_GlobalVariableDefs.obj (ECap4RegsFile)

ECap5RegsFile 
*          1    00006a80    00000020     UNINITIALIZED
                  00006a80    00000020     DSP2833x_GlobalVariableDefs.obj (ECap5RegsFile)

ECap6RegsFile 
*          1    00006aa0    00000020     UNINITIALIZED
                  00006aa0    00000020     DSP2833x_GlobalVariableDefs.obj (ECap6RegsFile)

EQep1RegsFile 
*          1    00006b00    00000040     UNINITIALIZED
                  00006b00    00000040     DSP2833x_GlobalVariableDefs.obj (EQep1RegsFile)

EQep2RegsFile 
*          1    00006b40    00000040     UNINITIALIZED
                  00006b40    00000040     DSP2833x_GlobalVariableDefs.obj (EQep2RegsFile)

GpioCtrlRegsFile 
*          1    00006f80    0000002e     UNINITIALIZED
                  00006f80    0000002e     DSP2833x_GlobalVariableDefs.obj (GpioCtrlRegsFile)

GpioDataRegsFile 
*          1    00006fc0    00000020     UNINITIALIZED
                  00006fc0    00000020     DSP2833x_GlobalVariableDefs.obj (GpioDataRegsFile)

GpioIntRegsFile 
*          1    00006fe0    0000000a     UNINITIALIZED
                  00006fe0    0000000a     DSP2833x_GlobalVariableDefs.obj (GpioIntRegsFile)

SysCtrlRegsFile 
*          1    00007010    00000020     UNINITIALIZED
                  00007010    00000020     DSP2833x_GlobalVariableDefs.obj (SysCtrlRegsFile)

SpiaRegsFile 
*          1    00007040    00000010     UNINITIALIZED
                  00007040    00000010     DSP2833x_GlobalVariableDefs.obj (SpiaRegsFile)

SciaRegsFile 
*          1    00007050    00000010     UNINITIALIZED
                  00007050    00000010     DSP2833x_GlobalVariableDefs.obj (SciaRegsFile)

XIntruptRegsFile 
*          1    00007070    00000010     UNINITIALIZED
                  00007070    00000010     DSP2833x_GlobalVariableDefs.obj (XIntruptRegsFile)

AdcRegsFile 
*          1    00007100    0000001e     UNINITIALIZED
                  00007100    0000001e     DSP2833x_GlobalVariableDefs.obj (AdcRegsFile)

ScibRegsFile 
*          1    00007750    00000010     UNINITIALIZED
                  00007750    00000010     DSP2833x_GlobalVariableDefs.obj (ScibRegsFile)

ScicRegsFile 
*          1    00007770    00000010     UNINITIALIZED
                  00007770    00000010     DSP2833x_GlobalVariableDefs.obj (ScicRegsFile)

I2caRegsFile 
*          1    00007900    00000022     UNINITIALIZED
                  00007900    00000022     DSP2833x_GlobalVariableDefs.obj (I2caRegsFile)

.ebss      1    0000c000    000004eb     UNINITIALIZED
                  0000c000    000004e2     SAHF.obj (.ebss)
                  0000c4e2    00000004     rts2800_fpu32.lib : exit.obj (.ebss)
                  0000c4e6    00000002                       : _lock.obj (.ebss:__lock)
                  0000c4e8    00000002                       : _lock.obj (.ebss:__unlock)
                  0000c4ea    00000001                       : errno.obj (.ebss)

CsmPwlFile 
*          1    0033fff8    00000008     UNINITIALIZED
                  0033fff8    00000008     DSP2833x_GlobalVariableDefs.obj (CsmPwlFile)

PartIdRegsFile 
*          1    00380090    00000001     UNINITIALIZED
                  00380090    00000001     DSP2833x_GlobalVariableDefs.obj (PartIdRegsFile)

.pinit     0    00008000    00000000     UNINITIALIZED

.reset     0    003fffc0    00000002     DSECT
                  003fffc0    00000002     rts2800_fpu32.lib : boot.obj (.reset)

csm_rsvd   0    0033ff80    00000000     DSECT

csmpasswds 
*          0    0033fff8    00000000     DSECT

DLOG       1    0000c4eb    00000320     UNINITIALIZED
                  0000c4eb    00000320     DLOG4CHC.obj (DLOG)


GLOBAL DATA SYMBOLS: SORTED BY DATA PAGE

address     data page           name
--------    ----------------    ----
00000400      10 (00000400)     __stack

00000880      22 (00000880)     _DevEmuRegs

00000a80      2a (00000a80)     _FlashRegs

00000ae0      2b (00000ac0)     _CsmRegs

00000b00      2c (00000b00)     _AdcMirror
00000b20      2c (00000b00)     _XintfRegs

00000c00      30 (00000c00)     _CpuTimer0Regs
00000c08      30 (00000c00)     _CpuTimer1Regs
00000c10      30 (00000c00)     _CpuTimer2Regs

00000ce0      33 (00000cc0)     _PieCtrlRegs

00000d00      34 (00000d00)     _PieVectTable

00001000      40 (00001000)     _DmaRegs

00005000     140 (00005000)     _McbspaRegs

00005040     141 (00005040)     _McbspbRegs

00006000     180 (00006000)     _ECanaRegs

00006040     181 (00006040)     _ECanaLAMRegs

00006080     182 (00006080)     _ECanaMOTSRegs

000060c0     183 (000060c0)     _ECanaMOTORegs

00006100     184 (00006100)     _ECanaMboxes

00006200     188 (00006200)     _ECanbRegs

00006240     189 (00006240)     _ECanbLAMRegs

00006280     18a (00006280)     _ECanbMOTSRegs

000062c0     18b (000062c0)     _ECanbMOTORegs

00006300     18c (00006300)     _ECanbMboxes

00006800     1a0 (00006800)     _EPwm1Regs

00006840     1a1 (00006840)     _EPwm2Regs

00006880     1a2 (00006880)     _EPwm3Regs

000068c0     1a3 (000068c0)     _EPwm4Regs

00006900     1a4 (00006900)     _EPwm5Regs

00006940     1a5 (00006940)     _EPwm6Regs

00006a00     1a8 (00006a00)     _ECap1Regs
00006a20     1a8 (00006a00)     _ECap2Regs

00006a40     1a9 (00006a40)     _ECap3Regs
00006a60     1a9 (00006a40)     _ECap4Regs

00006a80     1aa (00006a80)     _ECap5Regs
00006aa0     1aa (00006a80)     _ECap6Regs

00006b00     1ac (00006b00)     _EQep1Regs

00006b40     1ad (00006b40)     _EQep2Regs

00006f80     1be (00006f80)     _GpioCtrlRegs

00006fc0     1bf (00006fc0)     _GpioDataRegs
00006fe0     1bf (00006fc0)     _GpioIntRegs

00007010     1c0 (00007000)     _SysCtrlRegs

00007040     1c1 (00007040)     _SpiaRegs
00007050     1c1 (00007040)     _SciaRegs
00007070     1c1 (00007040)     _XIntruptRegs

00007100     1c4 (00007100)     _AdcRegs

00007750     1dd (00007740)     _ScibRegs
00007770     1dd (00007740)     _ScicRegs

00007900     1e4 (00007900)     _I2caRegs

0000c000     300 (0000c000)     _EnableFlag
0000c001     300 (0000c000)     _en_pwm
0000c002     300 (0000c000)     _DlogCh1
0000c003     300 (0000c000)     _DlogCh3
0000c004     300 (0000c000)     _DlogCh2
0000c005     300 (0000c000)     _number_count
0000c006     300 (0000c000)     _DlogCh4
0000c008     300 (0000c000)     _offsetC
0000c00a     300 (0000c000)     _offsetD
0000c00c     300 (0000c000)     _offsetA
0000c00e     300 (0000c000)     _offsetF
0000c010     300 (0000c000)     _K1
0000c012     300 (0000c000)     _offsetB
0000c014     300 (0000c000)     _Alpha_State_Ptr
0000c016     300 (0000c000)     _Vdc_ref
0000c018     300 (0000c000)     _offsetE
0000c01a     300 (0000c000)     _VqTesting
0000c01c     300 (0000c000)     _IdRef
0000c01e     300 (0000c000)     _ZLpu
0000c020     300 (0000c000)     _cos_phi
0000c022     300 (0000c000)     _cos_phi_inv
0000c024     300 (0000c000)     _VdTesting
0000c026     300 (0000c000)     _M_DieuChe
0000c028     300 (0000c000)     _T
0000c02a     300 (0000c000)     _IsrTicker
0000c02c     300 (0000c000)     _K2
0000c02e     300 (0000c000)     _count_138
0000c030     300 (0000c000)     _eQEP
0000c036     300 (0000c000)     _pwmdac1

0000c040     301 (0000c040)     _buffer
0000c048     301 (0000c040)     _pwm1
0000c052     301 (0000c040)     _eCAP
0000c060     301 (0000c040)     _ePWM
0000c06e     301 (0000c040)     _ChSel

0000c080     302 (0000c080)     _rc1
0000c090     302 (0000c080)     _TrigSel
0000c0a0     302 (0000c080)     _ACQPS

0000c0c0     303 (0000c0c0)     _svgen1
0000c0d2     303 (0000c0c0)     _IqDelay
0000c0e8     303 (0000c0c0)     _IdDelay

0000c100     304 (0000c100)     _IdcDelay
0000c116     304 (0000c100)     _IqcDelay

0000c140     305 (0000c140)     _Il_bDelay
0000c156     305 (0000c140)     _Il_aDelay

0000c180     306 (0000c180)     _VdcDelay
0000c196     306 (0000c180)     _coeffs_5

0000c1c0     307 (0000c1c0)     _coeffs
0000c1d6     307 (0000c1c0)     _volt_test

0000c200     308 (0000c200)     _dlog
0000c216     308 (0000c200)     _VdDelay

0000c240     309 (0000c240)     _IcDelay
0000c256     309 (0000c240)     _VdcOutDelay

0000c280     30a (0000c280)     _IaDelay
0000c296     30a (0000c280)     _VaDelay

0000c2c0     30b (0000c2c0)     _IbDelay
0000c2d6     30b (0000c2c0)     _VbDelay

0000c300     30c (0000c300)     _VqDelay
0000c316     30c (0000c300)     _pi_iq

0000c340     30d (0000c340)     _pi_id
0000c358     30d (0000c340)     _pll

0000c380     30e (0000c380)     _pi_vdc
0000c398     30e (0000c380)     _VI

0000c3c0     30f (0000c3c0)     _cur_inv

0000c400     310 (0000c400)     _vols

0000c440     311 (0000c440)     _cur_load

0000c480     312 (0000c480)     _curr_test

0000c4c0     313 (0000c4c0)     _vref
0000c4e2     313 (0000c4c0)     ___TI_cleanup_ptr
0000c4e4     313 (0000c4c0)     ___TI_dtors_ptr
0000c4e6     313 (0000c4c0)     __lock
0000c4e8     313 (0000c4c0)     __unlock
0000c4ea     313 (0000c4c0)     _errno

0033fff8    cfff (0033ffc0)     _CsmPwl

00380090    e002 (00380080)     _PartIdRegs


GLOBAL SYMBOLS: SORTED ALPHABETICALLY BY Name 

page  address   name                
----  -------   ----                
0     00009000  .text               
0     0000985d  C$$EXIT             
0     0000964e  FS$$DIV             
0     0000988f  U$$DIV              
0     00009894  U$$MOD              
0     00009042  _A0                 
0     0000930c  _ABC_DQ             
1     0000c0a0  _ACQPS              
0     00380080  _ADC_cal            
1     00000b00  _AdcMirror          
1     00007100  _AdcRegs            
1     0000c014  _Alpha_State_Ptr    
0     00009032  _B0                 
0     00009022  _C0                 
1     0000c06e  _ChSel              
1     00000c00  _CpuTimer0Regs      
1     00000c08  _CpuTimer1Regs      
1     00000c10  _CpuTimer2Regs      
1     0033fff8  _CsmPwl             
1     00000ae0  _CsmRegs            
0     0000978f  _DLOG_4CH_init      
0     0000979a  _DLOG_4CH_update    
0     00009355  _DQ_ABC             
0     00008586  _DSP28x_usDelay     
1     00000880  _DevEmuRegs         
0     0000944b  _DeviceInit         
1     0000c002  _DlogCh1            
1     0000c004  _DlogCh2            
1     0000c003  _DlogCh3            
1     0000c006  _DlogCh4            
1     00001000  _DmaRegs            
1     00006040  _ECanaLAMRegs       
1     000060c0  _ECanaMOTORegs      
1     00006080  _ECanaMOTSRegs      
1     00006100  _ECanaMboxes        
1     00006000  _ECanaRegs          
1     00006240  _ECanbLAMRegs       
1     000062c0  _ECanbMOTORegs      
1     00006280  _ECanbMOTSRegs      
1     00006300  _ECanbMboxes        
1     00006200  _ECanbRegs          
1     00006a00  _ECap1Regs          
1     00006a20  _ECap2Regs          
1     00006a40  _ECap3Regs          
1     00006a60  _ECap4Regs          
1     00006a80  _ECap5Regs          
1     00006aa0  _ECap6Regs          
1     00006800  _EPwm1Regs          
1     00006840  _EPwm2Regs          
1     00006880  _EPwm3Regs          
1     000068c0  _EPwm4Regs          
1     00006900  _EPwm5Regs          
1     00006940  _EPwm6Regs          
1     00006b00  _EQep1Regs          
1     00006b40  _EQep2Regs          
1     0000c000  _EnableFlag         
1     00000a80  _FlashRegs          
1     00006f80  _GpioCtrlRegs       
1     00006fc0  _GpioDataRegs       
1     00006fe0  _GpioIntRegs        
0     00009390  _HVDMC_Protection   
1     00007900  _I2caRegs           
0     0000989a  _ISR_ILLEGAL        
1     0000c280  _IaDelay            
1     0000c2c0  _IbDelay            
1     0000c240  _IcDelay            
1     0000c0e8  _IdDelay            
1     0000c01c  _IdRef              
1     0000c100  _IdcDelay           
1     0000c156  _Il_aDelay          
1     0000c140  _Il_bDelay          
1     0000c0d2  _IqDelay            
1     0000c116  _IqcDelay           
1     0000c02a  _IsrTicker          
1     0000c010  _K1                 
1     0000c02c  _K2                 
1     0000c026  _M_DieuChe          
0     000081b2  _MainISR            
1     00005000  _McbspaRegs         
1     00005040  _McbspbRegs         
0     0000943a  _MemCopy            
0     00008000  _OffsetISR          
0     000092ca  _PI_CONTROLER       
0     00009418  _PLLset             
1     00380090  _PartIdRegs         
0     000093f9  _PieCntlInit        
1     00000ce0  _PieCtrlRegs        
1     00000d00  _PieVectTable       
0     000093e8  _PieVectTableInit   
0     00009292  _PrintNumber        
0     000095f6  _SPLL_3ph_SRF_F_FUNC
0     000095ab  _SPLL_3ph_SRF_F_init
1     00007050  _SciaRegs           
1     00007750  _ScibRegs           
1     00007770  _ScicRegs           
1     00007040  _SpiaRegs           
1     00007010  _SysCtrlRegs        
1     0000c028  _T                  
1     0000c090  _TrigSel            
1     0000c398  _VI                 
1     0000c296  _VaDelay            
1     0000c2d6  _VbDelay            
1     0000c216  _VdDelay            
1     0000c024  _VdTesting          
1     0000c180  _VdcDelay           
1     0000c256  _VdcOutDelay        
1     0000c016  _Vdc_ref            
1     0000c300  _VqDelay            
1     0000c01a  _VqTesting          
0     000093e0  _WDogDisable        
1     00007070  _XIntruptRegs       
1     00000b20  _XintfRegs          
1     0000c01e  _ZLpu               
1     00000780  __STACK_END         
abs   00000380  __STACK_SIZE        
1     0000c4e2  ___TI_cleanup_ptr   
1     0000c4e4  ___TI_dtors_ptr     
abs   ffffffff  ___binit__          
abs   ffffffff  ___c_args__         
0     0000858a  ___cinit__          
0     000098ad  ___etext__          
abs   ffffffff  ___pinit__          
0     00009000  ___text__           
0     00009844  __args_main         
1     0000c4e6  __lock              
0     000098ac  __nop               
1     00000400  __stack             
1     0000c4e8  __unlock            
0     0000985d  _abort              
1     0000c040  _buffer             
0     000097da  _c_int00            
1     0000c1c0  _coeffs             
1     0000c196  _coeffs_5           
0     000096d6  _cos                
1     0000c020  _cos_phi            
1     0000c022  _cos_phi_inv        
1     0000c02e  _count_138          
1     0000c3c0  _cur_inv            
1     0000c440  _cur_load           
1     0000c480  _curr_test          
1     0000c200  _dlog               
1     0000c052  _eCAP               
1     0000c060  _ePWM               
1     0000c030  _eQEP               
0     00009000  _en_driver          
1     0000c001  _en_pwm             
1     0000c4ea  _errno              
0     0000985f  _exit               
0     00009270  _fir                
0     0000904e  _main               
1     0000c005  _number_count       
1     0000c00c  _offsetA            
1     0000c012  _offsetB            
1     0000c008  _offsetC            
1     0000c00a  _offsetD            
1     0000c018  _offsetE            
1     0000c00e  _offsetF            
1     0000c340  _pi_id              
1     0000c316  _pi_iq              
1     0000c380  _pi_vdc             
1     0000c358  _pll                
0     00009876  _prolog_c28x_1      
0     0000987a  _prolog_c28x_2      
0     00009882  _prolog_c28x_3      
1     0000c048  _pwm1               
1     0000c036  _pwmdac1            
1     0000c080  _rc1                
0     00009737  _sin                
0     00009820  _sqrt               
1     0000c0c0  _svgen1             
1     0000c400  _vols               
1     0000c1d6  _volt_test          
1     0000c4c0  _vref               
abs   ffffffff  binit               
0     0000858a  cinit               
0     00000000  code_start          
0     000098ad  etext               
abs   ffffffff  pinit               


GLOBAL SYMBOLS: SORTED BY Symbol Address 

page  address   name                
----  -------   ----                
0     00000000  code_start          
0     00008000  _OffsetISR          
0     000081b2  _MainISR            
0     00008586  _DSP28x_usDelay     
0     0000858a  ___cinit__          
0     0000858a  cinit               
0     00009000  .text               
0     00009000  ___text__           
0     00009000  _en_driver          
0     00009022  _C0                 
0     00009032  _B0                 
0     00009042  _A0                 
0     0000904e  _main               
0     00009270  _fir                
0     00009292  _PrintNumber        
0     000092ca  _PI_CONTROLER       
0     0000930c  _ABC_DQ             
0     00009355  _DQ_ABC             
0     00009390  _HVDMC_Protection   
0     000093e0  _WDogDisable        
0     000093e8  _PieVectTableInit   
0     000093f9  _PieCntlInit        
0     00009418  _PLLset             
0     0000943a  _MemCopy            
0     0000944b  _DeviceInit         
0     000095ab  _SPLL_3ph_SRF_F_init
0     000095f6  _SPLL_3ph_SRF_F_FUNC
0     0000964e  FS$$DIV             
0     000096d6  _cos                
0     00009737  _sin                
0     0000978f  _DLOG_4CH_init      
0     0000979a  _DLOG_4CH_update    
0     000097da  _c_int00            
0     00009820  _sqrt               
0     00009844  __args_main         
0     0000985d  C$$EXIT             
0     0000985d  _abort              
0     0000985f  _exit               
0     00009876  _prolog_c28x_1      
0     0000987a  _prolog_c28x_2      
0     00009882  _prolog_c28x_3      
0     0000988f  U$$DIV              
0     00009894  U$$MOD              
0     0000989a  _ISR_ILLEGAL        
0     000098ac  __nop               
0     000098ad  ___etext__          
0     000098ad  etext               
0     00380080  _ADC_cal            
1     00000400  __stack             
1     00000780  __STACK_END         
1     00000880  _DevEmuRegs         
1     00000a80  _FlashRegs          
1     00000ae0  _CsmRegs            
1     00000b00  _AdcMirror          
1     00000b20  _XintfRegs          
1     00000c00  _CpuTimer0Regs      
1     00000c08  _CpuTimer1Regs      
1     00000c10  _CpuTimer2Regs      
1     00000ce0  _PieCtrlRegs        
1     00000d00  _PieVectTable       
1     00001000  _DmaRegs            
1     00005000  _McbspaRegs         
1     00005040  _McbspbRegs         
1     00006000  _ECanaRegs          
1     00006040  _ECanaLAMRegs       
1     00006080  _ECanaMOTSRegs      
1     000060c0  _ECanaMOTORegs      
1     00006100  _ECanaMboxes        
1     00006200  _ECanbRegs          
1     00006240  _ECanbLAMRegs       
1     00006280  _ECanbMOTSRegs      
1     000062c0  _ECanbMOTORegs      
1     00006300  _ECanbMboxes        
1     00006800  _EPwm1Regs          
1     00006840  _EPwm2Regs          
1     00006880  _EPwm3Regs          
1     000068c0  _EPwm4Regs          
1     00006900  _EPwm5Regs          
1     00006940  _EPwm6Regs          
1     00006a00  _ECap1Regs          
1     00006a20  _ECap2Regs          
1     00006a40  _ECap3Regs          
1     00006a60  _ECap4Regs          
1     00006a80  _ECap5Regs          
1     00006aa0  _ECap6Regs          
1     00006b00  _EQep1Regs          
1     00006b40  _EQep2Regs          
1     00006f80  _GpioCtrlRegs       
1     00006fc0  _GpioDataRegs       
1     00006fe0  _GpioIntRegs        
1     00007010  _SysCtrlRegs        
1     00007040  _SpiaRegs           
1     00007050  _SciaRegs           
1     00007070  _XIntruptRegs       
1     00007100  _AdcRegs            
1     00007750  _ScibRegs           
1     00007770  _ScicRegs           
1     00007900  _I2caRegs           
1     0000c000  _EnableFlag         
1     0000c001  _en_pwm             
1     0000c002  _DlogCh1            
1     0000c003  _DlogCh3            
1     0000c004  _DlogCh2            
1     0000c005  _number_count       
1     0000c006  _DlogCh4            
1     0000c008  _offsetC            
1     0000c00a  _offsetD            
1     0000c00c  _offsetA            
1     0000c00e  _offsetF            
1     0000c010  _K1                 
1     0000c012  _offsetB            
1     0000c014  _Alpha_State_Ptr    
1     0000c016  _Vdc_ref            
1     0000c018  _offsetE            
1     0000c01a  _VqTesting          
1     0000c01c  _IdRef              
1     0000c01e  _ZLpu               
1     0000c020  _cos_phi            
1     0000c022  _cos_phi_inv        
1     0000c024  _VdTesting          
1     0000c026  _M_DieuChe          
1     0000c028  _T                  
1     0000c02a  _IsrTicker          
1     0000c02c  _K2                 
1     0000c02e  _count_138          
1     0000c030  _eQEP               
1     0000c036  _pwmdac1            
1     0000c040  _buffer             
1     0000c048  _pwm1               
1     0000c052  _eCAP               
1     0000c060  _ePWM               
1     0000c06e  _ChSel              
1     0000c080  _rc1                
1     0000c090  _TrigSel            
1     0000c0a0  _ACQPS              
1     0000c0c0  _svgen1             
1     0000c0d2  _IqDelay            
1     0000c0e8  _IdDelay            
1     0000c100  _IdcDelay           
1     0000c116  _IqcDelay           
1     0000c140  _Il_bDelay          
1     0000c156  _Il_aDelay          
1     0000c180  _VdcDelay           
1     0000c196  _coeffs_5           
1     0000c1c0  _coeffs             
1     0000c1d6  _volt_test          
1     0000c200  _dlog               
1     0000c216  _VdDelay            
1     0000c240  _IcDelay            
1     0000c256  _VdcOutDelay        
1     0000c280  _IaDelay            
1     0000c296  _VaDelay            
1     0000c2c0  _IbDelay            
1     0000c2d6  _VbDelay            
1     0000c300  _VqDelay            
1     0000c316  _pi_iq              
1     0000c340  _pi_id              
1     0000c358  _pll                
1     0000c380  _pi_vdc             
1     0000c398  _VI                 
1     0000c3c0  _cur_inv            
1     0000c400  _vols               
1     0000c440  _cur_load           
1     0000c480  _curr_test          
1     0000c4c0  _vref               
1     0000c4e2  ___TI_cleanup_ptr   
1     0000c4e4  ___TI_dtors_ptr     
1     0000c4e6  __lock              
1     0000c4e8  __unlock            
1     0000c4ea  _errno              
1     0033fff8  _CsmPwl             
1     00380090  _PartIdRegs         
abs   00000380  __STACK_SIZE        
abs   ffffffff  ___binit__          
abs   ffffffff  ___c_args__         
abs   ffffffff  ___pinit__          
abs   ffffffff  binit               
abs   ffffffff  pinit               

[178 symbols]
